2025-04-05 12:03:31,672 [INFO] Activator:176 - 


2025-04-05 12:03:31,678 [INFO] Activator:177 - !SESSION log4j initialized
2025-04-05 12:03:34,416 [INFO] LogOutputStream:77 - [STDOUT_REDIRECT] 
2025-04-05 12:03:34,807 [ERROR] LogOutputStream:75 - [STDERR_REDIRECT] 
2025-04-05 12:03:37,067 [INFO] LogOutputStream:77 - [STDOUT_REDIRECT] 
2025-04-05 12:03:37,584 [INFO] ApplicationProperties:184 - Using Application install path: /Applications/STMicroelectronics/STM32CubeIDE.app/Contents/Eclipse/plugins/com.st.stm32cube.common.mx_6.14.0.202502271554
2025-04-05 12:03:37,603 [INFO] DbMcusXml:78 - Set database path to: /Applications/STMicroelectronics/STM32CubeIDE.app/Contents/Eclipse/plugins/com.st.stm32cube.common.mx_6.14.0.202502271554//db//mcu/
2025-04-05 12:03:37,604 [INFO] ApiDb:274 - Set plugin database path to: /Applications/STMicroelectronics/STM32CubeIDE.app/Contents/Eclipse/plugins/com.st.stm32cube.common.mx_6.14.0.202502271554//db//plugins/boardmanager/
2025-04-05 12:03:37,604 [WARN] ApiDb:259 - Overriding images path with different value:  => /Applications/STMicroelectronics/STM32CubeIDE.app/Contents/Eclipse/plugins/com.st.stm32cube.common.mx_6.14.0.202502271554//db//plugins/mcufinder/images/
2025-04-05 12:03:37,610 [INFO] ApiDb:250 - Set database path to: /Users/zafeer/.stmcufinder/plugins/mcufinder//mcu/
2025-04-05 12:03:37,611 [INFO] DbMcusAds:125 - Set database path to: /Users/zafeer/.stmcufinder/plugins/mcufinder//mcu/
2025-04-05 12:03:37,613 [INFO] CrossReferenceDbSqlite:203 - Set database path to: /Users/zafeer/.stmcufinder/plugins/mcufinder//mcu/cs/
2025-04-05 12:03:37,735 [INFO] RulesReader:64 - Compatibility file has been processed (301 Rules)
2025-04-05 12:03:37,821 [INFO] DbMcusXml:78 - Set database path to: /Applications/STMicroelectronics/STM32CubeIDE.app/Contents/Eclipse/plugins/com.st.stm32cube.common.mx_6.14.0.202502271554//db//mcu/
2025-04-05 12:03:37,821 [INFO] ApiDb:274 - Set plugin database path to: /Applications/STMicroelectronics/STM32CubeIDE.app/Contents/Eclipse/plugins/com.st.stm32cube.common.mx_6.14.0.202502271554//db//plugins/boardmanager/
2025-04-05 12:03:37,821 [INFO] ApiDb:261 - Set plugin images path to: /Applications/STMicroelectronics/STM32CubeIDE.app/Contents/Eclipse/plugins/com.st.stm32cube.common.mx_6.14.0.202502271554//db//plugins/mcufinder/images/
2025-04-05 12:03:37,822 [WARN] DbFile:41 - Overriding database path with different value: /Users/zafeer/.stmcufinder/plugins/mcufinder/ => /Users/zafeer/.stmcufinder/plugins/mcufinder
2025-04-05 12:03:37,822 [INFO] ApiDb:250 - Set database path to: /Users/zafeer/.stmcufinder/plugins/mcufinder//mcu/
2025-04-05 12:03:37,822 [WARN] DbFile:41 - Overriding database path with different value: /Users/zafeer/.stmcufinder/plugins/mcufinder/ => /Users/zafeer/.stmcufinder/plugins/mcufinder
2025-04-05 12:03:37,822 [INFO] DbMcusAds:125 - Set database path to: /Users/zafeer/.stmcufinder/plugins/mcufinder//mcu/
2025-04-05 12:03:37,822 [WARN] DbFile:41 - Overriding database path with different value: /Users/zafeer/.stmcufinder/plugins/mcufinder/ => /Users/zafeer/.stmcufinder/plugins/mcufinder
2025-04-05 12:03:37,822 [WARN] DbFile:41 - Overriding database path with different value: /Users/zafeer/.stmcufinder/plugins/mcufinder/ => /Users/zafeer/.stmcufinder/plugins/mcufinder
2025-04-05 12:03:37,822 [INFO] CrossReferenceDbSqlite:203 - Set database path to: /Users/zafeer/.stmcufinder/plugins/mcufinder//mcu/cs/
2025-04-05 12:03:37,894 [INFO] MainPanel:272 - HeapMemory: 268435456
2025-04-05 12:03:38,822 [INFO] DbMcusXml:78 - Set database path to: /Applications/STMicroelectronics/STM32CubeIDE.app/Contents/Eclipse/plugins/com.st.stm32cube.common.mx_6.14.0.202502271554//db//mcu/
2025-04-05 12:03:38,823 [INFO] ApiDb:274 - Set plugin database path to: /Applications/STMicroelectronics/STM32CubeIDE.app/Contents/Eclipse/plugins/com.st.stm32cube.common.mx_6.14.0.202502271554//db//plugins/boardmanager/
2025-04-05 12:03:38,823 [INFO] ApiDb:261 - Set plugin images path to: /Applications/STMicroelectronics/STM32CubeIDE.app/Contents/Eclipse/plugins/com.st.stm32cube.common.mx_6.14.0.202502271554//db//plugins/mcufinder/images/
2025-04-05 12:03:38,823 [WARN] DbFile:41 - Overriding database path with different value: /Users/zafeer/.stmcufinder/plugins/mcufinder/ => /Users/zafeer/.stmcufinder/plugins/mcufinder
2025-04-05 12:03:38,823 [INFO] ApiDb:250 - Set database path to: /Users/zafeer/.stmcufinder/plugins/mcufinder//mcu/
2025-04-05 12:03:38,823 [WARN] DbFile:41 - Overriding database path with different value: /Users/zafeer/.stmcufinder/plugins/mcufinder/ => /Users/zafeer/.stmcufinder/plugins/mcufinder
2025-04-05 12:03:38,823 [INFO] DbMcusAds:125 - Set database path to: /Users/zafeer/.stmcufinder/plugins/mcufinder//mcu/
2025-04-05 12:03:38,823 [WARN] DbFile:41 - Overriding database path with different value: /Users/zafeer/.stmcufinder/plugins/mcufinder/ => /Users/zafeer/.stmcufinder/plugins/mcufinder
2025-04-05 12:03:38,823 [WARN] DbFile:41 - Overriding database path with different value: /Users/zafeer/.stmcufinder/plugins/mcufinder/ => /Users/zafeer/.stmcufinder/plugins/mcufinder
2025-04-05 12:03:38,824 [INFO] CrossReferenceDbSqlite:203 - Set database path to: /Users/zafeer/.stmcufinder/plugins/mcufinder//mcu/cs/
2025-04-05 12:03:38,844 [INFO] ApplicationProperties:184 - Using Application install path: /Applications/STMicroelectronics/STM32CubeIDE.app/Contents/Eclipse/plugins/com.st.stm32cube.common.mx_6.14.0.202502271554
2025-04-05 12:03:38,845 [INFO] PluginManage:196 - Search for loadable plugins [exclusion list=, ]
2025-04-05 12:03:38,847 [INFO] PluginManage:310 - Check plugin analytics
2025-04-05 12:03:39,024 [INFO] AnalyticsPlugin:253 - Accepted Software Licenses: STM32CubeMX.6.14.0
2025-04-05 12:03:39,024 [INFO] AnalyticsPlugin:255 - Accepted CMSIS Pack Licenses: 
2025-04-05 12:03:39,025 [INFO] AnalyticsPlugin:257 - Accepted Firmware Licenses: FW.F4.1.28.0
2025-04-05 12:03:39,027 [INFO] PluginManage:359 - Loaded plugin analytics (category:tool,tabindex:-1)
2025-04-05 12:03:39,027 [INFO] PluginManage:310 - Check plugin cadmodel
2025-04-05 12:03:39,033 [INFO] CADModel:105 - Init CAD model plugin
2025-04-05 12:03:39,033 [INFO] PluginManage:359 - Loaded plugin cadmodel (category:power,tabindex:5)
2025-04-05 12:03:39,034 [INFO] PluginManage:310 - Check plugin clock
2025-04-05 12:03:39,044 [INFO] PluginManage:359 - Loaded plugin clock (category:base,tabindex:2)
2025-04-05 12:03:39,044 [INFO] PluginManage:310 - Check plugin ddr
2025-04-05 12:03:39,056 [INFO] PluginManage:359 - Loaded plugin ddr (category:tool,tabindex:6)
2025-04-05 12:03:39,057 [INFO] PluginManage:310 - Check plugin filemanager
2025-04-05 12:03:39,196 [INFO] PluginManage:359 - Loaded plugin filemanager (category:base,tabindex:10)
2025-04-05 12:03:39,196 [INFO] PluginManage:310 - Check plugin ipmanager
2025-04-05 12:03:39,203 [INFO] PluginManage:359 - Loaded plugin ipmanager (category:base,tabindex:5)
2025-04-05 12:03:39,203 [INFO] PluginManage:310 - Check plugin lpbam
2025-04-05 12:03:39,212 [INFO] PluginManage:359 - Loaded plugin lpbam (category:base,tabindex:0)
2025-04-05 12:03:39,213 [INFO] PluginManage:310 - Check plugin memorymap
2025-04-05 12:03:39,227 [INFO] PluginManage:359 - Loaded plugin memorymap (category:base,tabindex:4)
2025-04-05 12:03:39,227 [INFO] PluginManage:310 - Check plugin pinoutandconfiguration
2025-04-05 12:03:39,236 [INFO] PluginManage:359 - Loaded plugin pinoutandconfiguration (category:base,tabindex:1)
2025-04-05 12:03:39,236 [INFO] PluginManage:310 - Check plugin pinoutconfig
2025-04-05 12:03:39,338 [WARN] SupportedApi:132 - Cannot load RTOS API schema: s4s-elt-must-match.1: The content of 'definitions' must match (annotation?, (simpleType | complexType)?, (unique | key | keyref)*)). A problem was found starting at: attribute.
2025-04-05 12:03:39,472 [INFO] PluginManage:359 - Loaded plugin pinoutconfig (category:base,tabindex:0)
2025-04-05 12:03:39,472 [INFO] PluginManage:310 - Check plugin power
2025-04-05 12:03:39,481 [INFO] PluginManage:359 - Loaded plugin power (category:power,tabindex:4)
2025-04-05 12:03:39,481 [INFO] PluginManage:310 - Check plugin projectmanager
2025-04-05 12:03:39,494 [INFO] PluginManage:359 - Loaded plugin projectmanager (category:projectmanager,tabindex:4)
2025-04-05 12:03:39,494 [INFO] PluginManage:310 - Check plugin rif
2025-04-05 12:03:39,500 [INFO] PluginManage:359 - Loaded plugin rif (category:base,tabindex:3)
2025-04-05 12:03:39,501 [INFO] PluginManage:310 - Check plugin thirdparty
2025-04-05 12:03:39,604 [INFO] PluginManage:359 - Loaded plugin thirdparty (category:base,tabindex:-1)
2025-04-05 12:03:39,604 [WARN] IntegrityCheckThread:84 - waiting for thirdparty lock release [integrity check]
2025-04-05 12:03:39,604 [INFO] PluginManage:310 - Check plugin tools
2025-04-05 12:03:39,604 [INFO] IntegrityCheckThread:86 - entering critical section [integrity check]
2025-04-05 12:03:39,605 [INFO] ThirdPartyUpdaterWithRetryManager:70 - Updater plugin not ready yet. [1/15]
2025-04-05 12:03:39,606 [INFO] PluginManage:359 - Loaded plugin tools (category:base,tabindex:7)
2025-04-05 12:03:39,607 [INFO] PluginManage:310 - Check plugin tutovideos
2025-04-05 12:03:39,766 [INFO] PluginManage:359 - Loaded plugin tutovideos (category:base,tabindex:-1)
2025-04-05 12:03:39,766 [INFO] PluginManage:310 - Check plugin updater
2025-04-05 12:03:39,785 [INFO] PluginManage:359 - Loaded plugin updater (category:base,tabindex:12)
2025-04-05 12:03:39,785 [INFO] PluginManage:310 - Check plugin userauth
2025-04-05 12:03:39,790 [INFO] UserAuth:118 - Init User Auth plugin
2025-04-05 12:03:39,790 [INFO] PluginManage:359 - Loaded plugin userauth (category:base,tabindex:14)
2025-04-05 12:03:39,791 [INFO] PluginManage:283 - PluginManage : Loaded plugins [18]
2025-04-05 12:03:40,102 [INFO] PinOutPanel:1589 - setPackage(No Configuration,No Configuration)
2025-04-05 12:03:40,184 [INFO] CADModel:165 - CPN selected for project level
2025-04-05 12:03:40,184 [INFO] CADModel:114 - Register for checkConnection events
2025-04-05 12:03:40,198 [INFO] IPUIPlugin:80 - create IPUIPlugin
2025-04-05 12:03:40,198 [INFO] PluginManager:220 - loadIPPluginJar : add mdma
2025-04-05 12:03:40,206 [INFO] IPUIPlugin:80 - create IPUIPlugin
2025-04-05 12:03:40,206 [INFO] PluginManager:220 - loadIPPluginJar : add freertos
2025-04-05 12:03:40,212 [INFO] IPUIPlugin:80 - create IPUIPlugin
2025-04-05 12:03:40,212 [INFO] PluginManager:220 - loadIPPluginJar : add gic
2025-04-05 12:03:40,222 [INFO] IPUIPlugin:80 - create IPUIPlugin
2025-04-05 12:03:40,222 [INFO] PluginManager:220 - loadIPPluginJar : add adc
2025-04-05 12:03:40,226 [INFO] IPUIPlugin:80 - create IPUIPlugin
2025-04-05 12:03:40,226 [INFO] PluginManager:220 - loadIPPluginJar : add gtzc
2025-04-05 12:03:40,227 [INFO] IPUIPlugin:80 - create IPUIPlugin
2025-04-05 12:03:40,227 [INFO] PluginManager:220 - loadIPPluginJar : add quadspi
2025-04-05 12:03:40,236 [INFO] IPUIPlugin:80 - create IPUIPlugin
2025-04-05 12:03:40,236 [INFO] PluginManager:220 - loadIPPluginJar : add aes
2025-04-05 12:03:40,239 [INFO] IPUIPlugin:80 - create IPUIPlugin
2025-04-05 12:03:40,239 [INFO] PluginManager:220 - loadIPPluginJar : add pdm2pcm
2025-04-05 12:03:40,241 [INFO] IPUIPlugin:80 - create IPUIPlugin
2025-04-05 12:03:40,241 [INFO] PluginManager:220 - loadIPPluginJar : add hash
2025-04-05 12:03:40,243 [INFO] IPUIPlugin:80 - create IPUIPlugin
2025-04-05 12:03:40,243 [INFO] PluginManager:220 - loadIPPluginJar : add tim
2025-04-05 12:03:40,244 [INFO] IPUIPlugin:80 - create IPUIPlugin
2025-04-05 12:03:40,244 [INFO] PluginManager:220 - loadIPPluginJar : add tsc
2025-04-05 12:03:40,247 [INFO] IPUIPlugin:80 - create IPUIPlugin
2025-04-05 12:03:40,247 [INFO] PluginManager:220 - loadIPPluginJar : add extmemmanager
2025-04-05 12:03:40,249 [INFO] IPUIPlugin:80 - create IPUIPlugin
2025-04-05 12:03:40,249 [INFO] PluginManager:220 - loadIPPluginJar : add ts
2025-04-05 12:03:40,250 [INFO] IPUIPlugin:80 - create IPUIPlugin
2025-04-05 12:03:40,251 [INFO] PluginManager:220 - loadIPPluginJar : add radio
2025-04-05 12:03:40,253 [INFO] IPUIPlugin:80 - create IPUIPlugin
2025-04-05 12:03:40,253 [INFO] PluginManager:220 - loadIPPluginJar : add can
2025-04-05 12:03:40,255 [INFO] IPUIPlugin:80 - create IPUIPlugin
2025-04-05 12:03:40,255 [INFO] PluginManager:220 - loadIPPluginJar : add dma3
2025-04-05 12:03:40,257 [INFO] IPUIPlugin:80 - create IPUIPlugin
2025-04-05 12:03:40,257 [INFO] PluginManager:220 - loadIPPluginJar : add dfsdm
2025-04-05 12:03:40,259 [INFO] IPUIPlugin:80 - create IPUIPlugin
2025-04-05 12:03:40,259 [INFO] PluginManager:220 - loadIPPluginJar : add spi
2025-04-05 12:03:40,261 [INFO] IPUIPlugin:80 - create IPUIPlugin
2025-04-05 12:03:40,261 [INFO] PluginManager:220 - loadIPPluginJar : add gfxmmu
2025-04-05 12:03:40,262 [INFO] IPUIPlugin:80 - create IPUIPlugin
2025-04-05 12:03:40,263 [INFO] PluginManager:220 - loadIPPluginJar : add genericplugin
2025-04-05 12:03:40,264 [INFO] IPUIPlugin:80 - create IPUIPlugin
2025-04-05 12:03:40,264 [INFO] PluginManager:220 - loadIPPluginJar : add cryp
2025-04-05 12:03:40,268 [INFO] IPUIPlugin:80 - create IPUIPlugin
2025-04-05 12:03:40,268 [INFO] PluginManager:220 - loadIPPluginJar : add gpio
2025-04-05 12:03:40,271 [INFO] IPUIPlugin:80 - create IPUIPlugin
2025-04-05 12:03:40,271 [INFO] PluginManager:220 - loadIPPluginJar : add ddr_ctrl_phy
2025-04-05 12:03:40,272 [INFO] IPUIPlugin:80 - create IPUIPlugin
2025-04-05 12:03:40,272 [INFO] PluginManager:220 - loadIPPluginJar : add comp
2025-04-05 12:03:40,273 [INFO] IPUIPlugin:80 - create IPUIPlugin
2025-04-05 12:03:40,273 [INFO] PluginManager:220 - loadIPPluginJar : add tracer_emb
2025-04-05 12:03:40,275 [INFO] IPUIPlugin:80 - create IPUIPlugin
2025-04-05 12:03:40,276 [INFO] PluginManager:220 - loadIPPluginJar : add openamp
2025-04-05 12:03:40,281 [INFO] IPUIPlugin:80 - create IPUIPlugin
2025-04-05 12:03:40,281 [INFO] PluginManager:220 - loadIPPluginJar : add stm32_wpan
2025-04-05 12:03:40,286 [INFO] IPUIPlugin:80 - create IPUIPlugin
2025-04-05 12:03:40,288 [INFO] PluginManager:220 - loadIPPluginJar : add plateformsettings
2025-04-05 12:03:40,291 [INFO] IPUIPlugin:80 - create IPUIPlugin
2025-04-05 12:03:40,291 [INFO] PluginManager:220 - loadIPPluginJar : add ipddr
2025-04-05 12:03:40,293 [INFO] IPUIPlugin:80 - create IPUIPlugin
2025-04-05 12:03:40,293 [INFO] PluginManager:220 - loadIPPluginJar : add usart
2025-04-05 12:03:40,294 [INFO] IPUIPlugin:80 - create IPUIPlugin
2025-04-05 12:03:40,294 [INFO] PluginManager:220 - loadIPPluginJar : add ltdc
2025-04-05 12:03:40,297 [INFO] IPUIPlugin:80 - create IPUIPlugin
2025-04-05 12:03:40,297 [INFO] PluginManager:220 - loadIPPluginJar : add nvic
2025-04-05 12:03:40,299 [INFO] IPUIPlugin:80 - create IPUIPlugin
2025-04-05 12:03:40,299 [INFO] PluginManager:220 - loadIPPluginJar : add fatfs
2025-04-05 12:03:40,305 [INFO] IPUIPlugin:80 - create IPUIPlugin
2025-04-05 12:03:40,305 [INFO] PluginManager:220 - loadIPPluginJar : add linkedlist
2025-04-05 12:03:40,309 [INFO] IPUIPlugin:80 - create IPUIPlugin
2025-04-05 12:03:40,309 [INFO] PluginManager:220 - loadIPPluginJar : add dma
2025-04-05 12:03:40,312 [INFO] IPUIPlugin:80 - create IPUIPlugin
2025-04-05 12:03:40,312 [INFO] PluginManager:220 - loadIPPluginJar : add fmc
2025-04-05 12:03:40,314 [INFO] IPUIPlugin:80 - create IPUIPlugin
2025-04-05 12:03:40,314 [INFO] PluginManager:220 - loadIPPluginJar : add i2s
2025-04-05 12:03:40,316 [INFO] IPUIPlugin:80 - create IPUIPlugin
2025-04-05 12:03:40,316 [INFO] PluginManager:220 - loadIPPluginJar : add ucpd
2025-04-05 12:03:40,317 [INFO] IPUIPlugin:80 - create IPUIPlugin
2025-04-05 12:03:40,317 [INFO] PluginManager:220 - loadIPPluginJar : add lorawan
2025-04-05 12:03:40,319 [INFO] IPUIPlugin:80 - create IPUIPlugin
2025-04-05 12:03:40,319 [INFO] PluginManager:220 - loadIPPluginJar : add opamp
2025-04-05 12:03:40,321 [INFO] IPUIPlugin:80 - create IPUIPlugin
2025-04-05 12:03:40,321 [INFO] PluginManager:220 - loadIPPluginJar : add i3c
2025-04-05 12:03:40,324 [INFO] IPUIPlugin:80 - create IPUIPlugin
2025-04-05 12:03:40,324 [INFO] PluginManager:220 - loadIPPluginJar : add touchsensing
2025-04-05 12:03:40,326 [INFO] IPUIPlugin:80 - create IPUIPlugin
2025-04-05 12:03:40,326 [INFO] PluginManager:220 - loadIPPluginJar : add i2c
2025-04-05 12:03:40,328 [INFO] IPUIPlugin:80 - create IPUIPlugin
2025-04-05 12:03:40,329 [INFO] PluginManager:220 - loadIPPluginJar : add resmgrutility
2025-04-05 12:03:40,331 [INFO] IPUIPlugin:80 - create IPUIPlugin
2025-04-05 12:03:40,331 [INFO] PluginManager:220 - loadIPPluginJar : add sai
2025-04-05 12:03:40,333 [INFO] IPUIPlugin:80 - create IPUIPlugin
2025-04-05 12:03:40,333 [INFO] PluginManager:220 - loadIPPluginJar : add usbx
2025-04-05 12:03:40,435 [FATAL] Updater:351 - Updater called before beeing initialized
2025-04-05 12:03:40,455 [INFO] RulesReader:64 - Compatibility file has been processed (301 Rules)
2025-04-05 12:03:40,465 [INFO] RulesReader:64 - Compatibility file has been processed (301 Rules)
2025-04-05 12:03:40,469 [INFO] CADModel:165 - CPN selected for project level
2025-04-05 12:03:40,469 [INFO] CADModel:114 - Register for checkConnection events
2025-04-05 12:03:40,469 [FATAL] Updater:351 - Updater called before beeing initialized
2025-04-05 12:03:40,469 [ERROR] CADModel:125 - Updater not yet initialized, retry later 
2025-04-05 12:03:40,614 [FATAL] Updater:351 - Updater called before beeing initialized
2025-04-05 12:03:40,616 [INFO] CADModel:165 - CPN selected for project level
2025-04-05 12:03:40,616 [INFO] CADModel:114 - Register for checkConnection events
2025-04-05 12:03:40,616 [FATAL] Updater:351 - Updater called before beeing initialized
2025-04-05 12:03:40,616 [ERROR] CADModel:125 - Updater not yet initialized, retry later 
2025-04-05 12:03:40,619 [FATAL] Updater:351 - Updater called before beeing initialized
2025-04-05 12:03:40,702 [FATAL] Updater:351 - Updater called before beeing initialized
2025-04-05 12:03:40,706 [INFO] DbMcusAds:53 - JSON generation date=Thu Mar 06 06:54:22 PST 2025 (1741272862078)
2025-04-05 12:03:40,707 [FATAL] Updater:351 - Updater called before beeing initialized
2025-04-05 12:03:40,761 [WARN] DetailPanel:346 - Failed to get advertising image, set to default
2025-04-05 12:03:41,006 [FATAL] Updater:351 - Updater called before beeing initialized
2025-04-05 12:03:41,008 [FATAL] Updater:351 - Updater called before beeing initialized
2025-04-05 12:03:41,008 [FATAL] Updater:351 - Updater called before beeing initialized
2025-04-05 12:03:41,008 [WARN] DetailPanel:346 - Failed to get advertising image, set to default
2025-04-05 12:03:41,009 [FATAL] Updater:351 - Updater called before beeing initialized
2025-04-05 12:03:41,033 [ERROR] Updater:1198 - MainUpdater not yet initialized. External WinMGr cannot be set.
2025-04-05 12:03:41,035 [INFO] Updater:1134 - Updater Version found : 6.14.0
2025-04-05 12:03:41,049 [INFO] ApplicationProperties:184 - Using Application install path: /Applications/STMicroelectronics/STM32CubeIDE.app/Contents/Eclipse/plugins/com.st.stm32cube.common.mx_6.14.0.202502271554
2025-04-05 12:03:41,378 [INFO] MainUpdater:2872 - connection check result : 10
2025-04-05 12:03:41,378 [INFO] MainUpdater:3566 - Updater definition file requires update
2025-04-05 12:03:41,378 [INFO] MainUpdater:289 - Updater Check For Update Now.
2025-04-05 12:03:41,379 [INFO] MicroXplorer:498 - Change Database Version : DB.6.0.140
2025-04-05 12:03:41,383 [INFO] McuFinderGlobals:63 - Set McuFinder mode to 2 (CubeIDE integrated)
2025-04-05 12:03:41,384 [INFO] UserAuth:486 - Internet connection configuration mode: 1
2025-04-05 12:03:41,402 [INFO] JxBrowserEngine:152 - Initiate JxBrowser Engine with user profile folder
2025-04-05 12:03:41,429 [INFO] ServerAccessManage:473 - Download File updaters.zip
2025-04-05 12:03:41,492 [INFO] FileExtend:242 - Unzip File : updaters.zip
2025-04-05 12:03:41,493 [INFO] FileExtend:257 - Standard Zip Deflate
2025-04-05 12:03:41,746 [INFO] ServerAccessManage:473 - Download File PacksControlFlags.xml
2025-04-05 12:03:41,832 [INFO] ServerAccessManage:473 - Download File cubemx.pidx
2025-04-05 12:03:41,915 [INFO] LoadServerUpdatesThread:375 - End of LoadServerUpdate Thread
2025-04-05 12:03:42,073 [INFO] CheckServerUpdateThread:120 - End of CheckServer Thread
2025-04-05 12:03:43,078 [INFO] WebApp:169 - Instantiating new browser for Auth
2025-04-05 12:03:44,002 [INFO] WebApp:463 - Apply proxy settings
2025-04-05 12:03:44,010 [INFO] WebApp:508 - Chromium authenticates against Manually configured proxy
2025-04-05 12:03:44,019 [WARN] PackLoader:240 - Cannot read IP mode file for STMicroelectronics.FP-SNS-MOTENVWB1.1.4.0
2025-04-05 12:03:44,032 [INFO] WebApp:516 - Username used for proxy authentication: 
2025-04-05 12:03:44,066 [INFO] WebApp:894 - Register for checkConnection events
2025-04-05 12:03:44,091 [INFO] WebApp:463 - Apply proxy settings
2025-04-05 12:03:44,093 [WARN] PackLoader:240 - Cannot read IP mode file for STMicroelectronics.FP-ATR-ASTRA1.2.0.2
2025-04-05 12:03:44,112 [INFO] WebApp:508 - Chromium authenticates against Manually configured proxy
2025-04-05 12:03:44,130 [INFO] WebApp:516 - Username used for proxy authentication: 
2025-04-05 12:03:44,207 [WARN] PackLoader:240 - Cannot read IP mode file for STMicroelectronics.X-CUBE-SMBUS.2.1.0
2025-04-05 12:03:44,266 [WARN] PackLoader:240 - Cannot read IP mode file for STMicroelectronics.X-CUBE-WB05N.1.1.0
2025-04-05 12:03:44,333 [WARN] PackLoader:240 - Cannot read IP mode file for STMicroelectronics.X-CUBE-AZRTOS-F7.1.1.0
2025-04-05 12:03:44,370 [INFO] WebApp:225 - Starting web application
2025-04-05 12:03:44,394 [INFO] WebApp:593 - Web application path used /Applications/STMicroelectronics/STM32CubeIDE.app/Contents/Eclipse/plugins/com.st.stm32cube.common.mx_6.14.0.202502271554/db/plugins/mcufinder/reactClient1/index.html
2025-04-05 12:03:44,395 [WARN] PackLoader:240 - Cannot read IP mode file for STMicroelectronics.FP-SNS-FLIGHT1.5.0.2
2025-04-05 12:03:44,506 [WARN] PackLoader:240 - Cannot read IP mode file for Infineon.AIROC-Wi-Fi-Bluetooth-STM32.1.7.0
2025-04-05 12:03:44,542 [INFO] UserAuth:486 - Internet connection configuration mode: 1
2025-04-05 12:03:44,565 [WARN] PackLoader:240 - Cannot read IP mode file for STMicroelectronics.X-CUBE-DISPLAY.3.0.0
2025-04-05 12:03:44,657 [WARN] PackLoader:240 - Cannot read IP mode file for STMicroelectronics.X-CUBE-NFC10.1.0.0
2025-04-05 12:03:44,755 [WARN] PackLoader:240 - Cannot read IP mode file for STMicroelectronics.X-CUBE-BLEMGR.4.0.0
2025-04-05 12:03:44,864 [WARN] PackLoader:240 - Cannot read IP mode file for emotas.I-CUBE-CANOPEN.1.3.0
2025-04-05 12:03:44,963 [WARN] ConditionMgr:438 - getConditionDescription Invalid condition id : Cortex-A Device cause : null
2025-04-05 12:03:45,100 [WARN] ConditionMgr:1044 - genDependencies : Invalid condition id : Cortex-A Device cause : null
2025-04-05 12:03:45,117 [WARN] ConditionMgr:1044 - genDependencies : Invalid condition id : Cortex-A Device cause : null
2025-04-05 12:03:45,156 [WARN] ConditionMgr:1044 - genDependencies : Invalid condition id : Cortex-A Device cause : null
2025-04-05 12:03:45,231 [WARN] PackLoader:240 - Cannot read IP mode file for STMicroelectronics.X-CUBE-AI.10.0.0
2025-04-05 12:03:45,305 [WARN] PackLoader:240 - Cannot read IP mode file for STMicroelectronics.FP-SNS-SMARTAG2.1.2.0
2025-04-05 12:03:45,346 [INFO] WebApp:191 - Connection restablished
2025-04-05 12:03:45,398 [WARN] PackLoader:240 - Cannot read IP mode file for STMicroelectronics.FP-SNS-FLIGHT1.5.1.0
2025-04-05 12:03:45,547 [WARN] PackLoader:240 - Cannot read IP mode file for STMicroelectronics.X-CUBE-MEMS1.11.1.0
2025-04-05 12:03:45,715 [INFO] LogOutputStream:77 - [STDOUT_REDIRECT] 1 : Invalid condition id : UX_CORESTACK_Condition cause : null
2025-04-05 12:03:45,732 [INFO] LogOutputStream:77 - [STDOUT_REDIRECT] 1 : Invalid condition id : UX_CORESTACK_Condition cause : null
2025-04-05 12:03:45,751 [INFO] LogOutputStream:77 - [STDOUT_REDIRECT] 1 : Invalid condition id : UX_CORESTACK_Condition cause : null
2025-04-05 12:03:45,771 [INFO] LogOutputStream:77 - [STDOUT_REDIRECT] 1 : Invalid condition id : UX_CORESTACK_Condition cause : null
2025-04-05 12:03:45,789 [INFO] LogOutputStream:77 - [STDOUT_REDIRECT] 1 : Invalid condition id : UX_CORESTACK_Condition cause : null
2025-04-05 12:03:45,811 [WARN] PackLoader:240 - Cannot read IP mode file for STMicroelectronics.X-CUBE-AZRTOS-WL.2.0.0
2025-04-05 12:03:45,867 [WARN] PackLoader:240 - Cannot read IP mode file for STMicroelectronics.FP-SNS-MOTENV1.5.0.0
2025-04-05 12:03:45,925 [WARN] PackLoader:240 - Cannot read IP mode file for WES.I-CUBE-Cesium.1.3.0
2025-04-05 12:03:45,963 [WARN] PackLoader:240 - Cannot read IP mode file for STMicroelectronics.X-CUBE-BLE2.3.3.0
2025-04-05 12:03:46,004 [WARN] PackLoader:240 - Cannot read IP mode file for STMicroelectronics.X-CUBE-NFC9.1.0.0
2025-04-05 12:03:46,062 [WARN] PackLoader:240 - Cannot read IP mode file for STMicroelectronics.X-CUBE-BLE1.7.1.0
2025-04-05 12:03:46,101 [WARN] PackLoader:240 - Cannot read IP mode file for wolfSSL.I-CUBE-wolfMQTT.1.19.2
2025-04-05 12:03:46,145 [WARN] PackLoader:240 - Cannot read IP mode file for STMicroelectronics.X-CUBE-AZRTOS-G0.1.1.0
2025-04-05 12:03:46,180 [WARN] PackLoader:240 - Cannot read IP mode file for STMicroelectronics.X-CUBE-SAFEA1.1.2.2
2025-04-05 12:03:46,217 [WARN] PackLoader:240 - Cannot read IP mode file for STMicroelectronics.X-CUBE-NFC4.3.0.0
2025-04-05 12:03:46,261 [WARN] PackLoader:240 - Cannot read IP mode file for EmbeddedOffice.I-CUBE-FS-RTOS.1.0.1
2025-04-05 12:03:46,296 [WARN] PackLoader:240 - Cannot read IP mode file for wolfSSL.I-CUBE-wolfTPM.3.8.0
2025-04-05 12:03:46,334 [WARN] PackLoader:240 - Cannot read IP mode file for STMicroelectronics.X-CUBE-TCPP.4.2.0
2025-04-05 12:03:46,410 [WARN] PackLoader:240 - Cannot read IP mode file for RealThread.X-CUBE-RT-Thread_Nano.4.1.1
2025-04-05 12:03:46,448 [WARN] PackLoader:240 - Cannot read IP mode file for STMicroelectronics.FP-ATR-SIGFOX1.3.2.0
2025-04-05 12:03:46,472 [WARN] PackLoader:240 - Cannot read IP mode file for STMicroelectronics.X-CUBE-EEPRMA1.5.1.0
2025-04-05 12:03:46,475 [WARN] PackLoader:240 - Cannot read IP mode file for wolfSSL.I-CUBE-wolfSSL.5.7.6
2025-04-05 12:03:46,479 [WARN] PackLoader:240 - Cannot read IP mode file for ITTIA_DB.I-CUBE-ITTIADB.8.9.0
2025-04-05 12:03:46,495 [WARN] PackLoader:240 - Cannot read IP mode file for SEGGER.I-CUBE-embOS.1.3.1
2025-04-05 12:03:46,518 [WARN] PackLoader:240 - Cannot read IP mode file for STMicroelectronics.X-CUBE-ALGOBUILD.1.4.0
2025-04-05 12:03:46,540 [WARN] PackLoader:240 - Cannot read IP mode file for STMicroelectronics.X-CUBE-AZRTOS-F4.1.1.0
2025-04-05 12:03:46,546 [WARN] PackLoader:240 - Cannot read IP mode file for STMicroelectronics.X-CUBE-ISPU.2.1.0
2025-04-05 12:03:46,560 [WARN] PackLoader:240 - Cannot read IP mode file for STMicroelectronics.X-CUBE-AZRTOS-L5.2.0.0
2025-04-05 12:03:46,568 [WARN] PackLoader:240 - Cannot read IP mode file for STMicroelectronics.X-CUBE-NFC6.3.1.0
2025-04-05 12:03:46,577 [WARN] PackLoader:240 - Cannot read IP mode file for STMicroelectronics.X-CUBE-DPower.1.2.0
2025-04-05 12:03:46,582 [WARN] PackLoader:240 - Cannot read IP mode file for STMicroelectronics.X-CUBE-FREERTOS.1.3.0
2025-04-05 12:03:46,585 [WARN] PackLoader:240 - Cannot read IP mode file for STMicroelectronics.X-CUBE-NFC7.1.0.1
2025-04-05 12:03:46,590 [WARN] PackLoader:240 - Cannot read IP mode file for STMicroelectronics.X-CUBE-DPower.1.3.0
2025-04-05 12:03:46,604 [WARN] ConditionMgr:438 - getConditionDescription Invalid condition id : LAN8742 Phy interface Condition cause : null
2025-04-05 12:03:46,605 [WARN] PackLoader:240 - Cannot read IP mode file for STMicroelectronics.X-CUBE-AZRTOS-L4.2.0.0
2025-04-05 12:03:46,606 [WARN] ConditionMgr:1044 - genDependencies : Invalid condition id : LAN8742 Phy interface Condition cause : null
2025-04-05 12:03:46,606 [WARN] ConditionMgr:1044 - genDependencies : Invalid condition id : LAN8742 Phy interface Condition cause : null
2025-04-05 12:03:46,606 [WARN] ConditionMgr:1044 - genDependencies : Invalid condition id : LAN8742 Phy interface Condition cause : null
2025-04-05 12:03:46,612 [WARN] PackLoader:240 - Cannot read IP mode file for STMicroelectronics.X-CUBE-SFXS2LP1.4.0.0
2025-04-05 12:03:46,630 [WARN] PackLoader:240 - Cannot read IP mode file for STMicroelectronics.X-CUBE-AZRTOS-H7.3.3.0
2025-04-05 12:03:46,642 [WARN] ConditionMgr:438 - getConditionDescription Invalid condition id : UX DEVICE CLASS RTOS Condition cause : null
2025-04-05 12:03:46,642 [WARN] ConditionMgr:438 - getConditionDescription Invalid condition id : UX DEVICE CLASS RTOS Condition cause : null
2025-04-05 12:03:46,643 [WARN] PackLoader:240 - Cannot read IP mode file for STMicroelectronics.X-CUBE-AZRTOS-WB.2.0.0
2025-04-05 12:03:46,644 [WARN] ConditionMgr:1044 - genDependencies : Invalid condition id : UX DEVICE CLASS RTOS Condition cause : null
2025-04-05 12:03:46,644 [WARN] ConditionMgr:1044 - genDependencies : Invalid condition id : UX DEVICE CLASS RTOS Condition cause : null
2025-04-05 12:03:46,644 [WARN] ConditionMgr:1044 - genDependencies : Invalid condition id : UX DEVICE CLASS RTOS Condition cause : null
2025-04-05 12:03:46,644 [WARN] ConditionMgr:1044 - genDependencies : Invalid condition id : UX DEVICE CLASS RTOS Condition cause : null
2025-04-05 12:03:46,644 [WARN] ConditionMgr:1044 - genDependencies : Invalid condition id : UX DEVICE CLASS RTOS Condition cause : null
2025-04-05 12:03:46,648 [WARN] PackLoader:240 - Cannot read IP mode file for STMicroelectronics.X-CUBE-GNSS1.7.0.1
2025-04-05 12:03:46,652 [WARN] PackLoader:240 - Cannot read IP mode file for STMicroelectronics.X-CUBE-TOUCHGFX.4.25.0
2025-04-05 12:03:46,656 [WARN] PackLoader:240 - Cannot read IP mode file for STMicroelectronics.FP-SNS-STBOX1.2.0.0
2025-04-05 12:03:46,665 [WARN] PackLoader:240 - Cannot read IP mode file for STMicroelectronics.X-CUBE-SUBG2.5.0.0
2025-04-05 12:03:46,683 [WARN] PackLoader:240 - Cannot read IP mode file for STMicroelectronics.X-CUBE-AZRTOS-H7RS.1.1.0
2025-04-05 12:03:46,687 [WARN] PackLoader:240 - Cannot read IP mode file for Cesanta.I-CUBE-Mongoose.7.13.0
2025-04-05 12:03:46,697 [WARN] PackLoader:240 - Cannot read IP mode file for STMicroelectronics.X-CUBE-AZRTOS-G4.2.0.0
2025-04-05 12:03:46,700 [WARN] PackLoader:240 - Cannot read IP mode file for wolfSSL.I-CUBE-wolfSSH.1.4.20
2025-04-05 12:03:46,708 [WARN] PackLoader:240 - Cannot read IP mode file for STMicroelectronics.X-CUBE-IPS.3.1.0
2025-04-05 12:03:46,714 [WARN] PackLoader:240 - Cannot read IP mode file for STMicroelectronics.X-CUBE-ALS.1.0.2
2025-04-05 12:03:46,718 [WARN] PackLoader:240 - Cannot read IP mode file for portGmbH.I-Cube-SoM-uGOAL.1.1.0
2025-04-05 12:03:46,729 [WARN] PackLoader:240 - Cannot read IP mode file for STMicroelectronics.X-CUBE-AZRTOS-H7RS.1.0.0
2025-04-05 12:03:46,738 [WARN] PackLoader:240 - Cannot read IP mode file for STMicroelectronics.X-CUBE-TOF1.3.4.2
2025-04-05 12:03:46,746 [INFO] ThirdParty:978 - Integrity check success = true
2025-04-05 12:03:46,746 [INFO] IntegrityCheckThread:100 - exiting critical section [integrity check]
2025-04-05 12:03:46,747 [INFO] IntegrityCheckThread:103 - End integrity checks thread
2025-04-05 12:09:09,149 [ERROR] LogOutputStream:75 - [STDERR_REDIRECT] 
2025-04-05 12:09:53,042 [INFO] Activator:176 - 


2025-04-05 12:09:53,044 [INFO] Activator:177 - !SESSION log4j initialized
2025-04-05 12:09:53,978 [INFO] LogOutputStream:77 - [STDOUT_REDIRECT] 
2025-04-05 12:09:54,203 [ERROR] LogOutputStream:75 - [STDERR_REDIRECT] 
2025-04-05 12:09:55,746 [INFO] LogOutputStream:77 - [STDOUT_REDIRECT] 
2025-04-05 12:09:57,255 [INFO] ApplicationProperties:184 - Using Application install path: /Applications/STMicroelectronics/STM32CubeIDE.app/Contents/Eclipse/plugins/com.st.stm32cube.common.mx_6.14.0.202502271554
2025-04-05 12:09:57,271 [INFO] DbMcusXml:78 - Set database path to: /Applications/STMicroelectronics/STM32CubeIDE.app/Contents/Eclipse/plugins/com.st.stm32cube.common.mx_6.14.0.202502271554//db//mcu/
2025-04-05 12:09:57,271 [INFO] ApiDb:274 - Set plugin database path to: /Applications/STMicroelectronics/STM32CubeIDE.app/Contents/Eclipse/plugins/com.st.stm32cube.common.mx_6.14.0.202502271554//db//plugins/boardmanager/
2025-04-05 12:09:57,271 [WARN] ApiDb:259 - Overriding images path with different value:  => /Applications/STMicroelectronics/STM32CubeIDE.app/Contents/Eclipse/plugins/com.st.stm32cube.common.mx_6.14.0.202502271554//db//plugins/mcufinder/images/
2025-04-05 12:09:57,275 [INFO] ApiDb:250 - Set database path to: /Users/zafeer/.stmcufinder/plugins/mcufinder//mcu/
2025-04-05 12:09:57,276 [INFO] DbMcusAds:125 - Set database path to: /Users/zafeer/.stmcufinder/plugins/mcufinder//mcu/
2025-04-05 12:09:57,278 [INFO] CrossReferenceDbSqlite:203 - Set database path to: /Users/zafeer/.stmcufinder/plugins/mcufinder//mcu/cs/
2025-04-05 12:09:57,363 [INFO] RulesReader:64 - Compatibility file has been processed (301 Rules)
2025-04-05 12:09:57,421 [INFO] DbMcusXml:78 - Set database path to: /Applications/STMicroelectronics/STM32CubeIDE.app/Contents/Eclipse/plugins/com.st.stm32cube.common.mx_6.14.0.202502271554//db//mcu/
2025-04-05 12:09:57,421 [INFO] ApiDb:274 - Set plugin database path to: /Applications/STMicroelectronics/STM32CubeIDE.app/Contents/Eclipse/plugins/com.st.stm32cube.common.mx_6.14.0.202502271554//db//plugins/boardmanager/
2025-04-05 12:09:57,421 [INFO] ApiDb:261 - Set plugin images path to: /Applications/STMicroelectronics/STM32CubeIDE.app/Contents/Eclipse/plugins/com.st.stm32cube.common.mx_6.14.0.202502271554//db//plugins/mcufinder/images/
2025-04-05 12:09:57,421 [WARN] DbFile:41 - Overriding database path with different value: /Users/zafeer/.stmcufinder/plugins/mcufinder/ => /Users/zafeer/.stmcufinder/plugins/mcufinder
2025-04-05 12:09:57,421 [INFO] ApiDb:250 - Set database path to: /Users/zafeer/.stmcufinder/plugins/mcufinder//mcu/
2025-04-05 12:09:57,421 [WARN] DbFile:41 - Overriding database path with different value: /Users/zafeer/.stmcufinder/plugins/mcufinder/ => /Users/zafeer/.stmcufinder/plugins/mcufinder
2025-04-05 12:09:57,421 [INFO] DbMcusAds:125 - Set database path to: /Users/zafeer/.stmcufinder/plugins/mcufinder//mcu/
2025-04-05 12:09:57,422 [WARN] DbFile:41 - Overriding database path with different value: /Users/zafeer/.stmcufinder/plugins/mcufinder/ => /Users/zafeer/.stmcufinder/plugins/mcufinder
2025-04-05 12:09:57,422 [WARN] DbFile:41 - Overriding database path with different value: /Users/zafeer/.stmcufinder/plugins/mcufinder/ => /Users/zafeer/.stmcufinder/plugins/mcufinder
2025-04-05 12:09:57,422 [INFO] CrossReferenceDbSqlite:203 - Set database path to: /Users/zafeer/.stmcufinder/plugins/mcufinder//mcu/cs/
2025-04-05 12:09:57,471 [INFO] MainPanel:272 - HeapMemory: 268435456
2025-04-05 12:09:57,663 [INFO] DbMcusXml:78 - Set database path to: /Applications/STMicroelectronics/STM32CubeIDE.app/Contents/Eclipse/plugins/com.st.stm32cube.common.mx_6.14.0.202502271554//db//mcu/
2025-04-05 12:09:57,663 [INFO] ApiDb:274 - Set plugin database path to: /Applications/STMicroelectronics/STM32CubeIDE.app/Contents/Eclipse/plugins/com.st.stm32cube.common.mx_6.14.0.202502271554//db//plugins/boardmanager/
2025-04-05 12:09:57,663 [INFO] ApiDb:261 - Set plugin images path to: /Applications/STMicroelectronics/STM32CubeIDE.app/Contents/Eclipse/plugins/com.st.stm32cube.common.mx_6.14.0.202502271554//db//plugins/mcufinder/images/
2025-04-05 12:09:57,664 [WARN] DbFile:41 - Overriding database path with different value: /Users/zafeer/.stmcufinder/plugins/mcufinder/ => /Users/zafeer/.stmcufinder/plugins/mcufinder
2025-04-05 12:09:57,664 [INFO] ApiDb:250 - Set database path to: /Users/zafeer/.stmcufinder/plugins/mcufinder//mcu/
2025-04-05 12:09:57,664 [WARN] DbFile:41 - Overriding database path with different value: /Users/zafeer/.stmcufinder/plugins/mcufinder/ => /Users/zafeer/.stmcufinder/plugins/mcufinder
2025-04-05 12:09:57,664 [INFO] DbMcusAds:125 - Set database path to: /Users/zafeer/.stmcufinder/plugins/mcufinder//mcu/
2025-04-05 12:09:57,664 [WARN] DbFile:41 - Overriding database path with different value: /Users/zafeer/.stmcufinder/plugins/mcufinder/ => /Users/zafeer/.stmcufinder/plugins/mcufinder
2025-04-05 12:09:57,664 [WARN] DbFile:41 - Overriding database path with different value: /Users/zafeer/.stmcufinder/plugins/mcufinder/ => /Users/zafeer/.stmcufinder/plugins/mcufinder
2025-04-05 12:09:57,664 [INFO] CrossReferenceDbSqlite:203 - Set database path to: /Users/zafeer/.stmcufinder/plugins/mcufinder//mcu/cs/
2025-04-05 12:09:57,676 [INFO] ApplicationProperties:184 - Using Application install path: /Applications/STMicroelectronics/STM32CubeIDE.app/Contents/Eclipse/plugins/com.st.stm32cube.common.mx_6.14.0.202502271554
2025-04-05 12:09:57,677 [INFO] PluginManage:196 - Search for loadable plugins [exclusion list=, ]
2025-04-05 12:09:57,678 [INFO] PluginManage:310 - Check plugin analytics
2025-04-05 12:09:57,827 [INFO] AnalyticsPlugin:253 - Accepted Software Licenses: STM32CubeMX.6.14.0
2025-04-05 12:09:57,827 [INFO] AnalyticsPlugin:255 - Accepted CMSIS Pack Licenses: 
2025-04-05 12:09:57,827 [INFO] AnalyticsPlugin:257 - Accepted Firmware Licenses: FW.F4.1.28.0
2025-04-05 12:09:57,830 [INFO] PluginManage:359 - Loaded plugin analytics (category:tool,tabindex:-1)
2025-04-05 12:09:57,830 [INFO] PluginManage:310 - Check plugin cadmodel
2025-04-05 12:09:57,835 [INFO] CADModel:105 - Init CAD model plugin
2025-04-05 12:09:57,835 [INFO] PluginManage:359 - Loaded plugin cadmodel (category:power,tabindex:5)
2025-04-05 12:09:57,835 [INFO] PluginManage:310 - Check plugin clock
2025-04-05 12:09:57,844 [INFO] PluginManage:359 - Loaded plugin clock (category:base,tabindex:2)
2025-04-05 12:09:57,844 [INFO] PluginManage:310 - Check plugin ddr
2025-04-05 12:09:57,847 [INFO] PluginManage:359 - Loaded plugin ddr (category:tool,tabindex:6)
2025-04-05 12:09:57,847 [INFO] PluginManage:310 - Check plugin filemanager
2025-04-05 12:09:58,021 [INFO] PluginManage:359 - Loaded plugin filemanager (category:base,tabindex:10)
2025-04-05 12:09:58,021 [INFO] PluginManage:310 - Check plugin ipmanager
2025-04-05 12:09:58,028 [INFO] PluginManage:359 - Loaded plugin ipmanager (category:base,tabindex:5)
2025-04-05 12:09:58,028 [INFO] PluginManage:310 - Check plugin lpbam
2025-04-05 12:09:58,037 [INFO] PluginManage:359 - Loaded plugin lpbam (category:base,tabindex:0)
2025-04-05 12:09:58,037 [INFO] PluginManage:310 - Check plugin memorymap
2025-04-05 12:09:58,050 [INFO] PluginManage:359 - Loaded plugin memorymap (category:base,tabindex:4)
2025-04-05 12:09:58,051 [INFO] PluginManage:310 - Check plugin pinoutandconfiguration
2025-04-05 12:09:58,058 [INFO] PluginManage:359 - Loaded plugin pinoutandconfiguration (category:base,tabindex:1)
2025-04-05 12:09:58,058 [INFO] PluginManage:310 - Check plugin pinoutconfig
2025-04-05 12:09:58,141 [WARN] SupportedApi:132 - Cannot load RTOS API schema: s4s-elt-must-match.1: The content of 'definitions' must match (annotation?, (simpleType | complexType)?, (unique | key | keyref)*)). A problem was found starting at: attribute.
2025-04-05 12:09:58,250 [INFO] PluginManage:359 - Loaded plugin pinoutconfig (category:base,tabindex:0)
2025-04-05 12:09:58,250 [INFO] PluginManage:310 - Check plugin power
2025-04-05 12:09:58,257 [INFO] PluginManage:359 - Loaded plugin power (category:power,tabindex:4)
2025-04-05 12:09:58,258 [INFO] PluginManage:310 - Check plugin projectmanager
2025-04-05 12:09:58,270 [INFO] PluginManage:359 - Loaded plugin projectmanager (category:projectmanager,tabindex:4)
2025-04-05 12:09:58,270 [INFO] PluginManage:310 - Check plugin rif
2025-04-05 12:09:58,276 [INFO] PluginManage:359 - Loaded plugin rif (category:base,tabindex:3)
2025-04-05 12:09:58,277 [INFO] PluginManage:310 - Check plugin thirdparty
2025-04-05 12:09:58,380 [INFO] PluginManage:359 - Loaded plugin thirdparty (category:base,tabindex:-1)
2025-04-05 12:09:58,379 [WARN] IntegrityCheckThread:84 - waiting for thirdparty lock release [integrity check]
2025-04-05 12:09:58,380 [INFO] PluginManage:310 - Check plugin tools
2025-04-05 12:09:58,380 [INFO] IntegrityCheckThread:86 - entering critical section [integrity check]
2025-04-05 12:09:58,380 [INFO] ThirdPartyUpdaterWithRetryManager:70 - Updater plugin not ready yet. [1/15]
2025-04-05 12:09:58,381 [INFO] PluginManage:359 - Loaded plugin tools (category:base,tabindex:7)
2025-04-05 12:09:58,381 [INFO] PluginManage:310 - Check plugin tutovideos
2025-04-05 12:09:58,524 [INFO] PluginManage:359 - Loaded plugin tutovideos (category:base,tabindex:-1)
2025-04-05 12:09:58,524 [INFO] PluginManage:310 - Check plugin updater
2025-04-05 12:09:58,543 [INFO] PluginManage:359 - Loaded plugin updater (category:base,tabindex:12)
2025-04-05 12:09:58,543 [INFO] PluginManage:310 - Check plugin userauth
2025-04-05 12:09:58,546 [INFO] UserAuth:118 - Init User Auth plugin
2025-04-05 12:09:58,547 [INFO] PluginManage:359 - Loaded plugin userauth (category:base,tabindex:14)
2025-04-05 12:09:58,548 [INFO] PluginManage:283 - PluginManage : Loaded plugins [18]
2025-04-05 12:09:58,709 [INFO] PinOutPanel:1589 - setPackage(No Configuration,No Configuration)
2025-04-05 12:09:58,764 [INFO] CADModel:165 - CPN selected for project level
2025-04-05 12:09:58,765 [INFO] CADModel:114 - Register for checkConnection events
2025-04-05 12:09:58,775 [INFO] IPUIPlugin:80 - create IPUIPlugin
2025-04-05 12:09:58,775 [INFO] PluginManager:220 - loadIPPluginJar : add mdma
2025-04-05 12:09:58,781 [INFO] IPUIPlugin:80 - create IPUIPlugin
2025-04-05 12:09:58,781 [INFO] PluginManager:220 - loadIPPluginJar : add freertos
2025-04-05 12:09:58,785 [INFO] IPUIPlugin:80 - create IPUIPlugin
2025-04-05 12:09:58,785 [INFO] PluginManager:220 - loadIPPluginJar : add gic
2025-04-05 12:09:58,793 [INFO] IPUIPlugin:80 - create IPUIPlugin
2025-04-05 12:09:58,793 [INFO] PluginManager:220 - loadIPPluginJar : add adc
2025-04-05 12:09:58,795 [INFO] IPUIPlugin:80 - create IPUIPlugin
2025-04-05 12:09:58,795 [INFO] PluginManager:220 - loadIPPluginJar : add gtzc
2025-04-05 12:09:58,796 [INFO] IPUIPlugin:80 - create IPUIPlugin
2025-04-05 12:09:58,796 [INFO] PluginManager:220 - loadIPPluginJar : add quadspi
2025-04-05 12:09:58,798 [INFO] IPUIPlugin:80 - create IPUIPlugin
2025-04-05 12:09:58,798 [INFO] PluginManager:220 - loadIPPluginJar : add aes
2025-04-05 12:09:58,800 [INFO] IPUIPlugin:80 - create IPUIPlugin
2025-04-05 12:09:58,800 [INFO] PluginManager:220 - loadIPPluginJar : add pdm2pcm
2025-04-05 12:09:58,801 [INFO] IPUIPlugin:80 - create IPUIPlugin
2025-04-05 12:09:58,801 [INFO] PluginManager:220 - loadIPPluginJar : add hash
2025-04-05 12:09:58,802 [INFO] IPUIPlugin:80 - create IPUIPlugin
2025-04-05 12:09:58,802 [INFO] PluginManager:220 - loadIPPluginJar : add tim
2025-04-05 12:09:58,803 [INFO] IPUIPlugin:80 - create IPUIPlugin
2025-04-05 12:09:58,803 [INFO] PluginManager:220 - loadIPPluginJar : add tsc
2025-04-05 12:09:58,805 [INFO] IPUIPlugin:80 - create IPUIPlugin
2025-04-05 12:09:58,805 [INFO] PluginManager:220 - loadIPPluginJar : add extmemmanager
2025-04-05 12:09:58,806 [INFO] IPUIPlugin:80 - create IPUIPlugin
2025-04-05 12:09:58,806 [INFO] PluginManager:220 - loadIPPluginJar : add ts
2025-04-05 12:09:58,807 [INFO] IPUIPlugin:80 - create IPUIPlugin
2025-04-05 12:09:58,808 [INFO] PluginManager:220 - loadIPPluginJar : add radio
2025-04-05 12:09:58,809 [INFO] IPUIPlugin:80 - create IPUIPlugin
2025-04-05 12:09:58,809 [INFO] PluginManager:220 - loadIPPluginJar : add can
2025-04-05 12:09:58,811 [INFO] IPUIPlugin:80 - create IPUIPlugin
2025-04-05 12:09:58,811 [INFO] PluginManager:220 - loadIPPluginJar : add dma3
2025-04-05 12:09:58,812 [INFO] IPUIPlugin:80 - create IPUIPlugin
2025-04-05 12:09:58,812 [INFO] PluginManager:220 - loadIPPluginJar : add dfsdm
2025-04-05 12:09:58,813 [INFO] IPUIPlugin:80 - create IPUIPlugin
2025-04-05 12:09:58,813 [INFO] PluginManager:220 - loadIPPluginJar : add spi
2025-04-05 12:09:58,815 [INFO] IPUIPlugin:80 - create IPUIPlugin
2025-04-05 12:09:58,815 [INFO] PluginManager:220 - loadIPPluginJar : add gfxmmu
2025-04-05 12:09:58,815 [INFO] IPUIPlugin:80 - create IPUIPlugin
2025-04-05 12:09:58,816 [INFO] PluginManager:220 - loadIPPluginJar : add genericplugin
2025-04-05 12:09:58,817 [INFO] IPUIPlugin:80 - create IPUIPlugin
2025-04-05 12:09:58,817 [INFO] PluginManager:220 - loadIPPluginJar : add cryp
2025-04-05 12:09:58,819 [INFO] IPUIPlugin:80 - create IPUIPlugin
2025-04-05 12:09:58,820 [INFO] PluginManager:220 - loadIPPluginJar : add gpio
2025-04-05 12:09:58,822 [INFO] IPUIPlugin:80 - create IPUIPlugin
2025-04-05 12:09:58,823 [INFO] PluginManager:220 - loadIPPluginJar : add ddr_ctrl_phy
2025-04-05 12:09:58,824 [INFO] IPUIPlugin:80 - create IPUIPlugin
2025-04-05 12:09:58,824 [INFO] PluginManager:220 - loadIPPluginJar : add comp
2025-04-05 12:09:58,826 [INFO] IPUIPlugin:80 - create IPUIPlugin
2025-04-05 12:09:58,826 [INFO] PluginManager:220 - loadIPPluginJar : add tracer_emb
2025-04-05 12:09:58,828 [INFO] IPUIPlugin:80 - create IPUIPlugin
2025-04-05 12:09:58,828 [INFO] PluginManager:220 - loadIPPluginJar : add openamp
2025-04-05 12:09:58,832 [INFO] IPUIPlugin:80 - create IPUIPlugin
2025-04-05 12:09:58,832 [INFO] PluginManager:220 - loadIPPluginJar : add stm32_wpan
2025-04-05 12:09:58,838 [INFO] IPUIPlugin:80 - create IPUIPlugin
2025-04-05 12:09:58,840 [INFO] PluginManager:220 - loadIPPluginJar : add plateformsettings
2025-04-05 12:09:58,843 [INFO] IPUIPlugin:80 - create IPUIPlugin
2025-04-05 12:09:58,843 [INFO] PluginManager:220 - loadIPPluginJar : add ipddr
2025-04-05 12:09:58,845 [INFO] IPUIPlugin:80 - create IPUIPlugin
2025-04-05 12:09:58,845 [INFO] PluginManager:220 - loadIPPluginJar : add usart
2025-04-05 12:09:58,846 [INFO] IPUIPlugin:80 - create IPUIPlugin
2025-04-05 12:09:58,846 [INFO] PluginManager:220 - loadIPPluginJar : add ltdc
2025-04-05 12:09:58,848 [INFO] IPUIPlugin:80 - create IPUIPlugin
2025-04-05 12:09:58,848 [INFO] PluginManager:220 - loadIPPluginJar : add nvic
2025-04-05 12:09:58,849 [INFO] IPUIPlugin:80 - create IPUIPlugin
2025-04-05 12:09:58,849 [INFO] PluginManager:220 - loadIPPluginJar : add fatfs
2025-04-05 12:09:58,854 [INFO] IPUIPlugin:80 - create IPUIPlugin
2025-04-05 12:09:58,854 [INFO] PluginManager:220 - loadIPPluginJar : add linkedlist
2025-04-05 12:09:58,859 [INFO] IPUIPlugin:80 - create IPUIPlugin
2025-04-05 12:09:58,859 [INFO] PluginManager:220 - loadIPPluginJar : add dma
2025-04-05 12:09:58,862 [INFO] IPUIPlugin:80 - create IPUIPlugin
2025-04-05 12:09:58,862 [INFO] PluginManager:220 - loadIPPluginJar : add fmc
2025-04-05 12:09:58,863 [INFO] IPUIPlugin:80 - create IPUIPlugin
2025-04-05 12:09:58,863 [INFO] PluginManager:220 - loadIPPluginJar : add i2s
2025-04-05 12:09:58,864 [INFO] IPUIPlugin:80 - create IPUIPlugin
2025-04-05 12:09:58,864 [INFO] PluginManager:220 - loadIPPluginJar : add ucpd
2025-04-05 12:09:58,865 [INFO] IPUIPlugin:80 - create IPUIPlugin
2025-04-05 12:09:58,866 [INFO] PluginManager:220 - loadIPPluginJar : add lorawan
2025-04-05 12:09:58,867 [INFO] IPUIPlugin:80 - create IPUIPlugin
2025-04-05 12:09:58,867 [INFO] PluginManager:220 - loadIPPluginJar : add opamp
2025-04-05 12:09:58,869 [INFO] IPUIPlugin:80 - create IPUIPlugin
2025-04-05 12:09:58,869 [INFO] PluginManager:220 - loadIPPluginJar : add i3c
2025-04-05 12:09:58,872 [INFO] IPUIPlugin:80 - create IPUIPlugin
2025-04-05 12:09:58,872 [INFO] PluginManager:220 - loadIPPluginJar : add touchsensing
2025-04-05 12:09:58,874 [INFO] IPUIPlugin:80 - create IPUIPlugin
2025-04-05 12:09:58,874 [INFO] PluginManager:220 - loadIPPluginJar : add i2c
2025-04-05 12:09:58,876 [INFO] IPUIPlugin:80 - create IPUIPlugin
2025-04-05 12:09:58,876 [INFO] PluginManager:220 - loadIPPluginJar : add resmgrutility
2025-04-05 12:09:58,878 [INFO] IPUIPlugin:80 - create IPUIPlugin
2025-04-05 12:09:58,878 [INFO] PluginManager:220 - loadIPPluginJar : add sai
2025-04-05 12:09:58,880 [INFO] IPUIPlugin:80 - create IPUIPlugin
2025-04-05 12:09:58,880 [INFO] PluginManager:220 - loadIPPluginJar : add usbx
2025-04-05 12:09:58,979 [FATAL] Updater:351 - Updater called before beeing initialized
2025-04-05 12:09:59,006 [INFO] RulesReader:64 - Compatibility file has been processed (301 Rules)
2025-04-05 12:09:59,017 [INFO] RulesReader:64 - Compatibility file has been processed (301 Rules)
2025-04-05 12:09:59,022 [INFO] CADModel:165 - CPN selected for project level
2025-04-05 12:09:59,022 [INFO] CADModel:114 - Register for checkConnection events
2025-04-05 12:09:59,022 [FATAL] Updater:351 - Updater called before beeing initialized
2025-04-05 12:09:59,022 [ERROR] CADModel:125 - Updater not yet initialized, retry later 
2025-04-05 12:09:59,130 [FATAL] Updater:351 - Updater called before beeing initialized
2025-04-05 12:09:59,131 [INFO] CADModel:165 - CPN selected for project level
2025-04-05 12:09:59,131 [INFO] CADModel:114 - Register for checkConnection events
2025-04-05 12:09:59,131 [FATAL] Updater:351 - Updater called before beeing initialized
2025-04-05 12:09:59,131 [ERROR] CADModel:125 - Updater not yet initialized, retry later 
2025-04-05 12:09:59,133 [FATAL] Updater:351 - Updater called before beeing initialized
2025-04-05 12:09:59,196 [FATAL] Updater:351 - Updater called before beeing initialized
2025-04-05 12:09:59,199 [INFO] DbMcusAds:53 - JSON generation date=Thu Mar 06 06:54:22 PST 2025 (1741272862078)
2025-04-05 12:09:59,200 [FATAL] Updater:351 - Updater called before beeing initialized
2025-04-05 12:09:59,229 [WARN] DetailPanel:346 - Failed to get advertising image, set to default
2025-04-05 12:09:59,465 [FATAL] Updater:351 - Updater called before beeing initialized
2025-04-05 12:09:59,466 [FATAL] Updater:351 - Updater called before beeing initialized
2025-04-05 12:09:59,467 [FATAL] Updater:351 - Updater called before beeing initialized
2025-04-05 12:09:59,467 [WARN] DetailPanel:346 - Failed to get advertising image, set to default
2025-04-05 12:09:59,467 [FATAL] Updater:351 - Updater called before beeing initialized
2025-04-05 12:09:59,492 [ERROR] Updater:1198 - MainUpdater not yet initialized. External WinMGr cannot be set.
2025-04-05 12:09:59,493 [INFO] Updater:1134 - Updater Version found : 6.14.0
2025-04-05 12:09:59,508 [INFO] ApplicationProperties:184 - Using Application install path: /Applications/STMicroelectronics/STM32CubeIDE.app/Contents/Eclipse/plugins/com.st.stm32cube.common.mx_6.14.0.202502271554
2025-04-05 12:09:59,781 [INFO] MainUpdater:2872 - connection check result : 10
2025-04-05 12:09:59,782 [INFO] MainUpdater:289 - Updater Check For Update Now.
2025-04-05 12:09:59,782 [INFO] MicroXplorer:498 - Change Database Version : DB.6.0.140
2025-04-05 12:09:59,787 [INFO] McuFinderGlobals:63 - Set McuFinder mode to 2 (CubeIDE integrated)
2025-04-05 12:09:59,787 [INFO] UserAuth:486 - Internet connection configuration mode: 1
2025-04-05 12:09:59,801 [INFO] JxBrowserEngine:152 - Initiate JxBrowser Engine with user profile folder
2025-04-05 12:09:59,953 [INFO] CheckServerUpdateThread:120 - End of CheckServer Thread
2025-04-05 12:10:00,610 [INFO] WebApp:169 - Instantiating new browser for Auth
2025-04-05 12:10:01,336 [INFO] WebApp:463 - Apply proxy settings
2025-04-05 12:10:01,341 [INFO] WebApp:508 - Chromium authenticates against Manually configured proxy
2025-04-05 12:10:01,365 [INFO] WebApp:516 - Username used for proxy authentication: 
2025-04-05 12:10:01,425 [INFO] WebApp:894 - Register for checkConnection events
2025-04-05 12:10:01,429 [INFO] WebApp:463 - Apply proxy settings
2025-04-05 12:10:01,435 [INFO] WebApp:508 - Chromium authenticates against Manually configured proxy
2025-04-05 12:10:01,468 [INFO] WebApp:516 - Username used for proxy authentication: 
2025-04-05 12:10:01,634 [INFO] WebApp:225 - Starting web application
2025-04-05 12:10:01,638 [INFO] WebApp:593 - Web application path used /Applications/STMicroelectronics/STM32CubeIDE.app/Contents/Eclipse/plugins/com.st.stm32cube.common.mx_6.14.0.202502271554/db/plugins/mcufinder/reactClient1/index.html
2025-04-05 12:10:01,779 [INFO] UserAuth:486 - Internet connection configuration mode: 1
2025-04-05 12:10:02,676 [INFO] WebApp:191 - Connection restablished
2025-04-05 12:10:05,541 [WARN] PackLoader:240 - Cannot read IP mode file for STMicroelectronics.FP-SNS-MOTENVWB1.1.4.0
2025-04-05 12:10:05,548 [WARN] PackLoader:240 - Cannot read IP mode file for STMicroelectronics.FP-ATR-ASTRA1.2.0.2
2025-04-05 12:10:05,554 [WARN] PackLoader:240 - Cannot read IP mode file for STMicroelectronics.X-CUBE-SMBUS.2.1.0
2025-04-05 12:10:05,561 [WARN] PackLoader:240 - Cannot read IP mode file for STMicroelectronics.X-CUBE-WB05N.1.1.0
2025-04-05 12:10:05,585 [WARN] PackLoader:240 - Cannot read IP mode file for STMicroelectronics.X-CUBE-AZRTOS-F7.1.1.0
2025-04-05 12:10:05,591 [WARN] PackLoader:240 - Cannot read IP mode file for STMicroelectronics.FP-SNS-FLIGHT1.5.0.2
2025-04-05 12:10:05,611 [WARN] PackLoader:240 - Cannot read IP mode file for Infineon.AIROC-Wi-Fi-Bluetooth-STM32.1.7.0
2025-04-05 12:10:05,621 [WARN] PackLoader:240 - Cannot read IP mode file for STMicroelectronics.X-CUBE-DISPLAY.3.0.0
2025-04-05 12:10:05,629 [WARN] PackLoader:240 - Cannot read IP mode file for STMicroelectronics.X-CUBE-NFC10.1.0.0
2025-04-05 12:10:05,638 [WARN] PackLoader:240 - Cannot read IP mode file for STMicroelectronics.X-CUBE-BLEMGR.4.0.0
2025-04-05 12:10:05,643 [WARN] PackLoader:240 - Cannot read IP mode file for emotas.I-CUBE-CANOPEN.1.3.0
2025-04-05 12:10:05,646 [WARN] ConditionMgr:438 - getConditionDescription Invalid condition id : Cortex-A Device cause : null
2025-04-05 12:10:05,653 [WARN] ConditionMgr:1044 - genDependencies : Invalid condition id : Cortex-A Device cause : null
2025-04-05 12:10:05,653 [WARN] ConditionMgr:1044 - genDependencies : Invalid condition id : Cortex-A Device cause : null
2025-04-05 12:10:05,653 [WARN] ConditionMgr:1044 - genDependencies : Invalid condition id : Cortex-A Device cause : null
2025-04-05 12:10:05,655 [WARN] PackLoader:240 - Cannot read IP mode file for STMicroelectronics.X-CUBE-AI.10.0.0
2025-04-05 12:10:05,658 [WARN] PackLoader:240 - Cannot read IP mode file for STMicroelectronics.FP-SNS-SMARTAG2.1.2.0
2025-04-05 12:10:05,660 [WARN] PackLoader:240 - Cannot read IP mode file for STMicroelectronics.FP-SNS-FLIGHT1.5.1.0
2025-04-05 12:10:05,712 [WARN] PackLoader:240 - Cannot read IP mode file for STMicroelectronics.X-CUBE-MEMS1.11.1.0
2025-04-05 12:10:05,858 [INFO] LogOutputStream:77 - [STDOUT_REDIRECT] 1 : Invalid condition id : UX_CORESTACK_Condition cause : null
2025-04-05 12:10:05,858 [INFO] LogOutputStream:77 - [STDOUT_REDIRECT] 1 : Invalid condition id : UX_CORESTACK_Condition cause : null
2025-04-05 12:10:05,858 [INFO] LogOutputStream:77 - [STDOUT_REDIRECT] 1 : Invalid condition id : UX_CORESTACK_Condition cause : null
2025-04-05 12:10:05,859 [INFO] LogOutputStream:77 - [STDOUT_REDIRECT] 1 : Invalid condition id : UX_CORESTACK_Condition cause : null
2025-04-05 12:10:05,859 [INFO] LogOutputStream:77 - [STDOUT_REDIRECT] 1 : Invalid condition id : UX_CORESTACK_Condition cause : null
2025-04-05 12:10:05,861 [WARN] PackLoader:240 - Cannot read IP mode file for STMicroelectronics.X-CUBE-AZRTOS-WL.2.0.0
2025-04-05 12:10:05,864 [WARN] PackLoader:240 - Cannot read IP mode file for STMicroelectronics.FP-SNS-MOTENV1.5.0.0
2025-04-05 12:10:05,869 [WARN] PackLoader:240 - Cannot read IP mode file for WES.I-CUBE-Cesium.1.3.0
2025-04-05 12:10:05,872 [WARN] PackLoader:240 - Cannot read IP mode file for STMicroelectronics.X-CUBE-BLE2.3.3.0
2025-04-05 12:10:05,876 [WARN] PackLoader:240 - Cannot read IP mode file for STMicroelectronics.X-CUBE-NFC9.1.0.0
2025-04-05 12:10:05,880 [WARN] PackLoader:240 - Cannot read IP mode file for STMicroelectronics.X-CUBE-BLE1.7.1.0
2025-04-05 12:10:05,882 [WARN] PackLoader:240 - Cannot read IP mode file for wolfSSL.I-CUBE-wolfMQTT.1.19.2
2025-04-05 12:10:05,895 [WARN] PackLoader:240 - Cannot read IP mode file for STMicroelectronics.X-CUBE-AZRTOS-G0.1.1.0
2025-04-05 12:10:05,901 [WARN] PackLoader:240 - Cannot read IP mode file for STMicroelectronics.X-CUBE-SAFEA1.1.2.2
2025-04-05 12:10:05,904 [WARN] PackLoader:240 - Cannot read IP mode file for STMicroelectronics.X-CUBE-NFC4.3.0.0
2025-04-05 12:10:05,911 [WARN] PackLoader:240 - Cannot read IP mode file for EmbeddedOffice.I-CUBE-FS-RTOS.1.0.1
2025-04-05 12:10:05,914 [WARN] PackLoader:240 - Cannot read IP mode file for wolfSSL.I-CUBE-wolfTPM.3.8.0
2025-04-05 12:10:05,917 [WARN] PackLoader:240 - Cannot read IP mode file for STMicroelectronics.X-CUBE-TCPP.4.2.0
2025-04-05 12:10:05,922 [WARN] PackLoader:240 - Cannot read IP mode file for RealThread.X-CUBE-RT-Thread_Nano.4.1.1
2025-04-05 12:10:05,924 [WARN] PackLoader:240 - Cannot read IP mode file for STMicroelectronics.FP-ATR-SIGFOX1.3.2.0
2025-04-05 12:10:05,928 [WARN] PackLoader:240 - Cannot read IP mode file for STMicroelectronics.X-CUBE-EEPRMA1.5.1.0
2025-04-05 12:10:05,932 [WARN] PackLoader:240 - Cannot read IP mode file for wolfSSL.I-CUBE-wolfSSL.5.7.6
2025-04-05 12:10:05,936 [WARN] PackLoader:240 - Cannot read IP mode file for ITTIA_DB.I-CUBE-ITTIADB.8.9.0
2025-04-05 12:10:05,957 [WARN] PackLoader:240 - Cannot read IP mode file for SEGGER.I-CUBE-embOS.1.3.1
2025-04-05 12:10:05,997 [WARN] PackLoader:240 - Cannot read IP mode file for STMicroelectronics.X-CUBE-ALGOBUILD.1.4.0
2025-04-05 12:10:06,009 [WARN] PackLoader:240 - Cannot read IP mode file for STMicroelectronics.X-CUBE-AZRTOS-F4.1.1.0
2025-04-05 12:10:06,014 [WARN] PackLoader:240 - Cannot read IP mode file for STMicroelectronics.X-CUBE-ISPU.2.1.0
2025-04-05 12:10:06,025 [WARN] PackLoader:240 - Cannot read IP mode file for STMicroelectronics.X-CUBE-AZRTOS-L5.2.0.0
2025-04-05 12:10:06,031 [WARN] PackLoader:240 - Cannot read IP mode file for STMicroelectronics.X-CUBE-NFC6.3.1.0
2025-04-05 12:10:06,036 [WARN] PackLoader:240 - Cannot read IP mode file for STMicroelectronics.X-CUBE-DPower.1.2.0
2025-04-05 12:10:06,039 [WARN] PackLoader:240 - Cannot read IP mode file for STMicroelectronics.X-CUBE-FREERTOS.1.3.0
2025-04-05 12:10:06,042 [WARN] PackLoader:240 - Cannot read IP mode file for STMicroelectronics.X-CUBE-NFC7.1.0.1
2025-04-05 12:10:06,045 [WARN] PackLoader:240 - Cannot read IP mode file for STMicroelectronics.X-CUBE-DPower.1.3.0
2025-04-05 12:10:06,058 [WARN] ConditionMgr:438 - getConditionDescription Invalid condition id : LAN8742 Phy interface Condition cause : null
2025-04-05 12:10:06,058 [WARN] PackLoader:240 - Cannot read IP mode file for STMicroelectronics.X-CUBE-AZRTOS-L4.2.0.0
2025-04-05 12:10:06,059 [WARN] ConditionMgr:1044 - genDependencies : Invalid condition id : LAN8742 Phy interface Condition cause : null
2025-04-05 12:10:06,060 [WARN] ConditionMgr:1044 - genDependencies : Invalid condition id : LAN8742 Phy interface Condition cause : null
2025-04-05 12:10:06,060 [WARN] ConditionMgr:1044 - genDependencies : Invalid condition id : LAN8742 Phy interface Condition cause : null
2025-04-05 12:10:06,071 [WARN] PackLoader:240 - Cannot read IP mode file for STMicroelectronics.X-CUBE-SFXS2LP1.4.0.0
2025-04-05 12:10:06,087 [WARN] PackLoader:240 - Cannot read IP mode file for STMicroelectronics.X-CUBE-AZRTOS-H7.3.3.0
2025-04-05 12:10:06,098 [WARN] ConditionMgr:438 - getConditionDescription Invalid condition id : UX DEVICE CLASS RTOS Condition cause : null
2025-04-05 12:10:06,098 [WARN] ConditionMgr:438 - getConditionDescription Invalid condition id : UX DEVICE CLASS RTOS Condition cause : null
2025-04-05 12:10:06,099 [WARN] PackLoader:240 - Cannot read IP mode file for STMicroelectronics.X-CUBE-AZRTOS-WB.2.0.0
2025-04-05 12:10:06,100 [WARN] ConditionMgr:1044 - genDependencies : Invalid condition id : UX DEVICE CLASS RTOS Condition cause : null
2025-04-05 12:10:06,100 [WARN] ConditionMgr:1044 - genDependencies : Invalid condition id : UX DEVICE CLASS RTOS Condition cause : null
2025-04-05 12:10:06,100 [WARN] ConditionMgr:1044 - genDependencies : Invalid condition id : UX DEVICE CLASS RTOS Condition cause : null
2025-04-05 12:10:06,100 [WARN] ConditionMgr:1044 - genDependencies : Invalid condition id : UX DEVICE CLASS RTOS Condition cause : null
2025-04-05 12:10:06,100 [WARN] ConditionMgr:1044 - genDependencies : Invalid condition id : UX DEVICE CLASS RTOS Condition cause : null
2025-04-05 12:10:06,103 [WARN] PackLoader:240 - Cannot read IP mode file for STMicroelectronics.X-CUBE-GNSS1.7.0.1
2025-04-05 12:10:06,106 [WARN] PackLoader:240 - Cannot read IP mode file for STMicroelectronics.X-CUBE-TOUCHGFX.4.25.0
2025-04-05 12:10:06,111 [WARN] PackLoader:240 - Cannot read IP mode file for STMicroelectronics.FP-SNS-STBOX1.2.0.0
2025-04-05 12:10:06,119 [WARN] PackLoader:240 - Cannot read IP mode file for STMicroelectronics.X-CUBE-SUBG2.5.0.0
2025-04-05 12:10:06,136 [WARN] PackLoader:240 - Cannot read IP mode file for STMicroelectronics.X-CUBE-AZRTOS-H7RS.1.1.0
2025-04-05 12:10:06,140 [WARN] PackLoader:240 - Cannot read IP mode file for Cesanta.I-CUBE-Mongoose.7.13.0
2025-04-05 12:10:06,150 [WARN] PackLoader:240 - Cannot read IP mode file for STMicroelectronics.X-CUBE-AZRTOS-G4.2.0.0
2025-04-05 12:10:06,154 [WARN] PackLoader:240 - Cannot read IP mode file for wolfSSL.I-CUBE-wolfSSH.1.4.20
2025-04-05 12:10:06,163 [WARN] PackLoader:240 - Cannot read IP mode file for STMicroelectronics.X-CUBE-IPS.3.1.0
2025-04-05 12:10:06,171 [WARN] PackLoader:240 - Cannot read IP mode file for STMicroelectronics.X-CUBE-ALS.1.0.2
2025-04-05 12:10:06,174 [WARN] PackLoader:240 - Cannot read IP mode file for portGmbH.I-Cube-SoM-uGOAL.1.1.0
2025-04-05 12:10:06,188 [WARN] PackLoader:240 - Cannot read IP mode file for STMicroelectronics.X-CUBE-AZRTOS-H7RS.1.0.0
2025-04-05 12:10:06,198 [WARN] PackLoader:240 - Cannot read IP mode file for STMicroelectronics.X-CUBE-TOF1.3.4.2
2025-04-05 12:10:06,208 [INFO] ThirdParty:978 - Integrity check success = true
2025-04-05 12:10:06,208 [INFO] IntegrityCheckThread:100 - exiting critical section [integrity check]
2025-04-05 12:10:06,209 [INFO] IntegrityCheckThread:103 - End integrity checks thread
2025-04-05 12:12:21,458 [ERROR] LogOutputStream:75 - [STDERR_REDIRECT] SLF4J: Failed to load class "org.slf4j.impl.StaticLoggerBinder".
2025-04-05 12:12:21,459 [ERROR] LogOutputStream:75 - [STDERR_REDIRECT] SLF4J: Defaulting to no-operation (NOP) logger implementation
2025-04-05 12:12:21,459 [ERROR] LogOutputStream:75 - [STDERR_REDIRECT] SLF4J: See http://www.slf4j.org/codes.html#StaticLoggerBinder for further details.
2025-04-05 12:19:28,302 [ERROR] LogOutputStream:75 - [STDERR_REDIRECT] 
